ERROR:  relation "unknown_fixture_data_relation_name" does not exist
LINE 3:     ( 'unknown_fixture_data_relation_name'
              ^
