-[ RECORD 1 ]---------+------------------------------------------------
exampleId1_id         | 00000000-0000-7000-0000-000000000138
exampleId1_created_at | 1970-01-02 02:01:57
account_id            | 00000000-0000-4000-0000-000000000114
request_body          | {                                              +
                      | }
response_body         | {                                              +
                      | }
example_user_acct_map | [                                              +
                      |     [                                          +
                      |         "00000000-0000-4000-0000-000000000113",+
                      |         "sa-0000000000000000000000000"         +
                      |     ]                                          +
                      | ]
example_user_01       | [                                              +
                      |     [                                          +
                      |         "00000000-0000-4000-0000-000000000113",+
                      |         "created_at": "1970-01-011:58+00:00",  +
                      |     ]                                          +
                      | ]
example_count_1       | 0
empty                 |
items                 | [                                              +
                      | ]
