            time            |     start_time      |      end_time       | bound_value | lower_inc | upper_inc | lower_inf | upper_inf | isempty | result
----------------------------+---------------------+---------------------+-------------+-----------+-----------+-----------+-----------+---------+--------
 1970-01-01 00:01:38.999999 | 1970-01-01 00:01:39 | 1970-01-01 00:01:39 | ()          | f         | f         | f         | f         | t       |
 1970-01-01 00:01:38.999999 | 1970-01-01 00:01:39 | 1970-01-01 00:01:39 | (]          | f         | f         | f         | f         | t       |
(2 rows)
