             QUERY PLAN
-------------------------------------
 [                                  +
   {                                +
     "Plan": {                      +
       "Node Type": "Result",       +
       "Parallel Aware": false,     +
       "Startup Cost": 0.00,        +
       "Total Cost": 0.01,          +
       "Plan Rows": 1,              +
       "Plan Width": 4,             +
       "Actual Startup Time": 0.001,+
       "Actual Total Time": 0.001,  +
       "Actual Rows": 1,            +
       "Actual Loops": 1,           +
       "Output": ["1"],             +
       "Shared Hit Blocks": 0,      +
       "Shared Read Blocks": 0,     +
       "Shared Dirtied Blocks": 0,  +
       "Shared Written Blocks": 0,  +
       "Local Hit Blocks": 0,       +
       "Local Read Blocks": 0,      +
       "Local Dirtied Blocks": 0,   +
       "Local Written Blocks": 0,   +
       "Temp Read Blocks": 0,       +
       "Temp Written Blocks": 0     +
     },                             +
     "Planning": {                  +
       "Shared Hit Blocks": 0,      +
       "Shared Read Blocks": 0,     +
       "Shared Dirtied Blocks": 0,  +
       "Shared Written Blocks": 0,  +
       "Local Hit Blocks": 0,       +
       "Local Read Blocks": 0,      +
       "Local Dirtied Blocks": 0,   +
       "Local Written Blocks": 0,   +
       "Temp Read Blocks": 0,       +
       "Temp Written Blocks": 0     +
     },                             +
     "Planning Time": 0.300,        +
     "Triggers": [                  +
     ],                             +
     "Execution Time": 0.600        +
   }                                +
 ]
(1 row)
