INSERT INTO test DEFAULT VALUES RETURNING id
 id
----
  1
(1 row)

INSERT 0 1
