-- Example comment 1
-- another sub-comment 1
-- (0 rows)


(0 rows)
