-- With known user
-- (2 rows)

current_user | staging

current_user | sandbox

current_user | main
