             Column              |        Type        | Collation | Nullable | Default
---------------------------------+--------------------+-----------+----------+---------
 primary_subaccount_id           | uuid_not_null      |           |          |
 created_at                      | timestamp_not_null |           |          |
 alias_id                        | uuid_not_null      |           |          |
