-- When error test
-- (ERROR)

ERROR:  domain public.uuid_not_null does not allow null values


-- When other error test
-- (ERROR)

ERROR:  domain public.date_not_null does not allow null values
